[0.009s][info][gc,init] CardTable entry size: 512
[0.009s][info][gc     ] Using G1
[0.010s][info][gc,init] Version: 25.0.1+8-LTS-27 (release)
[0.010s][info][gc,init] CPUs: 16 total, 16 available
[0.010s][info][gc,init] Memory: 16167M
[0.010s][info][gc,init] Large Page Support: Disabled
[0.010s][info][gc,init] NUMA Support: Disabled
[0.010s][info][gc,init] Compressed Oops: Enabled (32-bit)
[0.010s][info][gc,init] Heap Region Size: 1M
[0.010s][info][gc,init] Heap Min Capacity: 128M
[0.010s][info][gc,init] Heap Initial Capacity: 128M
[0.010s][info][gc,init] Heap Max Capacity: 256M
[0.010s][info][gc,init] Pre-touch: Disabled
[0.010s][info][gc,init] Parallel Workers: 13
[0.010s][info][gc,init] Concurrent Workers: 3
[0.010s][info][gc,init] Concurrent Refinement Workers: 13
[0.011s][info][gc,init] Periodic GC: Disabled
[0.020s][info][gc,metaspace] CDS archive(s) mapped at: [0x0000000028000000-0x0000000028dd0000-0x0000000028dd0000), size 14483456, SharedBaseAddress: 0x0000000028000000, ArchiveRelocationMode: 1.
[0.020s][info][gc,metaspace] Compressed class space mapped at: 0x0000000029000000-0x0000000069000000, reserved size: 1073741824
[0.020s][info][gc,metaspace] UseCompressedClassPointers 1, UseCompactObjectHeaders 0
[0.020s][info][gc,metaspace] Narrow klass pointer bits 32, Max shift 3
[0.020s][info][gc,metaspace] Narrow klass base: 0x0000000028000000, Narrow klass shift: 0
[0.020s][info][gc,metaspace] Encoding Range: [0x0000000028000000 - 0x0000000128000000), (4294967296 bytes)
[0.020s][info][gc,metaspace] Klass Range:    [0x0000000028010000 - 0x0000000069000000), (1090453504 bytes)
[0.020s][info][gc,metaspace] Klass ID Range:  [65536 - 1090519033) (1090453497)
[0.020s][info][gc,metaspace] Protection zone: [0x0000000028000000 - 0x0000000028010000), (65536 bytes)
[0.458s][info][gc,exit     ] Heap
[0.458s][info][gc,exit     ]  garbage-first heap   total reserved 262144K, committed 133120K, used 34453K [0x00000000f0000000, 0x0000000100000000)
[0.458s][info][gc,exit     ]   region size 1024K, 33 young (33792K), 0 survivors (0K)
[0.458s][info][gc,exit     ]  Metaspace       used 9823K, committed 9984K, reserved 1114112K
[0.458s][info][gc,exit     ]   class space    used 994K, committed 1088K, reserved 1048576K
