[0.009s][info][gc,init] CardTable entry size: 512
[0.010s][info][gc     ] Using G1
[0.010s][info][gc,init] Version: 25.0.1+8-LTS-27 (release)
[0.010s][info][gc,init] CPUs: 16 total, 16 available
[0.010s][info][gc,init] Memory: 16167M
[0.011s][info][gc,init] Large Page Support: Disabled
[0.011s][info][gc,init] NUMA Support: Disabled
[0.011s][info][gc,init] Compressed Oops: Enabled (32-bit)
[0.011s][info][gc,init] Heap Region Size: 1M
[0.011s][info][gc,init] Heap Min Capacity: 128M
[0.011s][info][gc,init] Heap Initial Capacity: 128M
[0.011s][info][gc,init] Heap Max Capacity: 256M
[0.011s][info][gc,init] Pre-touch: Disabled
[0.011s][info][gc,init] Parallel Workers: 13
[0.011s][info][gc,init] Concurrent Workers: 3
[0.011s][info][gc,init] Concurrent Refinement Workers: 13
[0.011s][info][gc,init] Periodic GC: Disabled
[0.019s][info][gc,metaspace] CDS archive(s) mapped at: [0x000000001f000000-0x000000001fdd0000-0x000000001fdd0000), size 14483456, SharedBaseAddress: 0x000000001f000000, ArchiveRelocationMode: 1.
[0.020s][info][gc,metaspace] Compressed class space mapped at: 0x0000000020000000-0x0000000060000000, reserved size: 1073741824
[0.020s][info][gc,metaspace] UseCompressedClassPointers 1, UseCompactObjectHeaders 0
[0.020s][info][gc,metaspace] Narrow klass pointer bits 32, Max shift 3
[0.020s][info][gc,metaspace] Narrow klass base: 0x000000001f000000, Narrow klass shift: 0
[0.020s][info][gc,metaspace] Encoding Range: [0x000000001f000000 - 0x000000011f000000), (4294967296 bytes)
[0.020s][info][gc,metaspace] Klass Range:    [0x000000001f010000 - 0x0000000060000000), (1090453504 bytes)
[0.020s][info][gc,metaspace] Klass ID Range:  [65536 - 1090519033) (1090453497)
[0.020s][info][gc,metaspace] Protection zone: [0x000000001f000000 - 0x000000001f010000), (65536 bytes)
[3.263s][info][gc,start    ] GC(0) Pause Young (Concurrent Start) (G1 Humongous Allocation)
[3.264s][info][gc,task     ] GC(0) Using 3 workers of 13 for evacuation
[3.267s][info][gc,phases   ] GC(0)   Pre Evacuate Collection Set: 0.15ms
[3.267s][info][gc,phases   ] GC(0)   Merge Heap Roots: 0.03ms
[3.267s][info][gc,phases   ] GC(0)   Evacuate Collection Set: 2.75ms
[3.267s][info][gc,phases   ] GC(0)   Post Evacuate Collection Set: 0.41ms
[3.267s][info][gc,phases   ] GC(0)   Other: 0.15ms
[3.267s][info][gc,heap     ] GC(0) Eden regions: 34->0(31)
[3.267s][info][gc,heap     ] GC(0) Survivor regions: 0->3(6)
[3.267s][info][gc,heap     ] GC(0) Old regions: 2->2
[3.267s][info][gc,heap     ] GC(0) Humongous regions: 56->56
[3.267s][info][gc,metaspace] GC(0) Metaspace: 9998K(10176K)->9998K(10176K) NonClass: 8987K(9088K)->8987K(9088K) Class: 1011K(1088K)->1011K(1088K)
[3.267s][info][gc          ] GC(0) Pause Young (Concurrent Start) (G1 Humongous Allocation) 91M->59M(130M) 3.902ms
[3.267s][info][gc,cpu      ] GC(0) User=0.03s Sys=0.02s Real=0.00s
[3.267s][info][gc          ] GC(1) Concurrent Mark Cycle
[3.267s][info][gc,marking  ] GC(1) Concurrent Scan Root Regions
[3.269s][info][gc,marking  ] GC(1) Concurrent Scan Root Regions 1.059ms
[3.269s][info][gc,marking  ] GC(1) Concurrent Mark
[3.269s][info][gc,marking  ] GC(1) Concurrent Mark From Roots
[3.269s][info][gc,task     ] GC(1) Using 3 workers of 3 for marking
[3.270s][info][gc,marking  ] GC(1) Concurrent Mark From Roots 1.045ms
[3.270s][info][gc,marking  ] GC(1) Concurrent Preclean
[3.270s][info][gc,marking  ] GC(1) Concurrent Preclean 0.009ms
[3.270s][info][gc,start    ] GC(1) Pause Remark
[3.271s][info][gc          ] GC(1) Pause Remark 62M->62M(130M) 1.021ms
[3.271s][info][gc,cpu      ] GC(1) User=0.00s Sys=0.00s Real=0.00s
[3.271s][info][gc,marking  ] GC(1) Concurrent Mark 2.219ms
[3.271s][info][gc,marking  ] GC(1) Concurrent Rebuild Remembered Sets and Scrub Regions
[3.271s][info][gc,marking  ] GC(1) Concurrent Rebuild Remembered Sets and Scrub Regions 0.472ms
[3.271s][info][gc,start    ] GC(1) Pause Cleanup
[3.271s][info][gc          ] GC(1) Pause Cleanup 62M->62M(130M) 0.030ms
[3.271s][info][gc,cpu      ] GC(1) User=0.00s Sys=0.00s Real=0.00s
[3.271s][info][gc,marking  ] GC(1) Concurrent Clear Claimed Marks
[3.271s][info][gc,marking  ] GC(1) Concurrent Clear Claimed Marks 0.067ms
[3.271s][info][gc,marking  ] GC(1) Concurrent Cleanup for Next Mark
[3.272s][info][gc,marking  ] GC(1) Concurrent Cleanup for Next Mark 0.514ms
[3.272s][info][gc          ] GC(1) Concurrent Mark Cycle 4.530ms
[7.460s][info][gc,exit     ] Heap
[7.460s][info][gc,exit     ]  garbage-first heap   total reserved 262144K, committed 151552K, used 148298K [0x00000000f0000000, 0x0000000100000000)
[7.460s][info][gc,exit     ]   region size 1024K, 4 young (4096K), 3 survivors (3072K)
[7.460s][info][gc,exit     ]  Metaspace       used 10118K, committed 10304K, reserved 1114112K
[7.460s][info][gc,exit     ]   class space    used 1020K, committed 1088K, reserved 1048576K
